[2021-07-04T16:29:22.660-0800] Heap region size: 1M
[2021-07-04T16:29:22.666-0800] Using G1
[2021-07-04T16:29:22.666-0800] Heap address: 0x00000007a0000000, size: 512 MB, Compressed Oops mode: Zero based, Oop shift amount: 3
[2021-07-04T16:29:23.423-0800] GC(0) Pause Young (G1 Evacuation Pause)
[2021-07-04T16:29:23.423-0800] GC(0) Using 4 workers of 4 for evacuation
[2021-07-04T16:29:23.432-0800] GC(0)   Pre Evacuate Collection Set: 0.0ms
[2021-07-04T16:29:23.432-0800] GC(0)   Evacuate Collection Set: 6.5ms
[2021-07-04T16:29:23.432-0800] GC(0)   Post Evacuate Collection Set: 2.5ms
[2021-07-04T16:29:23.432-0800] GC(0)   Other: 0.2ms
[2021-07-04T16:29:23.432-0800] GC(0) Eden regions: 25->0(23)
[2021-07-04T16:29:23.432-0800] GC(0) Survivor regions: 0->4(4)
[2021-07-04T16:29:23.432-0800] GC(0) Old regions: 0->0
[2021-07-04T16:29:23.432-0800] GC(0) Humongous regions: 0->0
[2021-07-04T16:29:23.432-0800] GC(0) Metaspace: 11204K->11204K(1060864K)
[2021-07-04T16:29:23.432-0800] GC(0) Pause Young (G1 Evacuation Pause) 25M->3M(512M) 9.305ms
[2021-07-04T16:29:23.432-0800] GC(0) User=0.02s Sys=0.00s Real=0.01s
[2021-07-04T16:29:23.915-0800] GC(1) Pause Young (G1 Evacuation Pause)
[2021-07-04T16:29:23.915-0800] GC(1) Using 4 workers of 4 for evacuation
[2021-07-04T16:29:23.923-0800] GC(1)   Pre Evacuate Collection Set: 0.0ms
[2021-07-04T16:29:23.923-0800] GC(1)   Evacuate Collection Set: 6.1ms
[2021-07-04T16:29:23.923-0800] GC(1)   Post Evacuate Collection Set: 1.9ms
[2021-07-04T16:29:23.923-0800] GC(1)   Other: 0.1ms
[2021-07-04T16:29:23.923-0800] GC(1) Eden regions: 23->0(305)
[2021-07-04T16:29:23.923-0800] GC(1) Survivor regions: 4->2(4)
[2021-07-04T16:29:23.923-0800] GC(1) Old regions: 0->3
[2021-07-04T16:29:23.923-0800] GC(1) Humongous regions: 0->0
[2021-07-04T16:29:23.923-0800] GC(1) Metaspace: 15088K->15088K(1062912K)
[2021-07-04T16:29:23.923-0800] GC(1) Pause Young (G1 Evacuation Pause) 26M->4M(512M) 8.346ms
[2021-07-04T16:29:23.923-0800] GC(1) User=0.03s Sys=0.00s Real=0.01s
[2021-07-04T16:29:24.318-0800] GC(2) Pause Initial Mark (Metadata GC Threshold)
[2021-07-04T16:29:24.318-0800] GC(2) Using 4 workers of 4 for evacuation
[2021-07-04T16:29:24.325-0800] GC(2)   Pre Evacuate Collection Set: 0.0ms
[2021-07-04T16:29:24.325-0800] GC(2)   Evacuate Collection Set: 3.6ms
[2021-07-04T16:29:24.325-0800] GC(2)   Post Evacuate Collection Set: 3.2ms
[2021-07-04T16:29:24.326-0800] GC(2)   Other: 0.2ms
[2021-07-04T16:29:24.326-0800] GC(2) Eden regions: 36->0(59)
[2021-07-04T16:29:24.326-0800] GC(2) Survivor regions: 2->4(39)
[2021-07-04T16:29:24.326-0800] GC(2) Old regions: 3->3
[2021-07-04T16:29:24.326-0800] GC(2) Humongous regions: 0->0
[2021-07-04T16:29:24.326-0800] GC(2) Metaspace: 20064K->20064K(1069056K)
[2021-07-04T16:29:24.326-0800] GC(2) Pause Initial Mark (Metadata GC Threshold) 40M->6M(512M) 7.420ms
[2021-07-04T16:29:24.326-0800] GC(2) User=0.01s Sys=0.01s Real=0.01s
[2021-07-04T16:29:24.326-0800] GC(3) Concurrent Cycle
[2021-07-04T16:29:24.326-0800] GC(3) Concurrent Clear Claimed Marks
[2021-07-04T16:29:24.326-0800] GC(3) Concurrent Clear Claimed Marks 0.098ms
[2021-07-04T16:29:24.326-0800] GC(3) Concurrent Scan Root Regions
[2021-07-04T16:29:24.331-0800] GC(3) Concurrent Scan Root Regions 5.178ms
[2021-07-04T16:29:24.331-0800] GC(3) Concurrent Mark (1.699s)
[2021-07-04T16:29:24.331-0800] GC(3) Concurrent Mark From Roots
[2021-07-04T16:29:24.331-0800] GC(3) Using 1 workers of 1 for marking
[2021-07-04T16:29:24.338-0800] GC(3) Concurrent Mark From Roots 6.399ms
[2021-07-04T16:29:24.338-0800] GC(3) Concurrent Mark (1.699s, 1.705s) 6.462ms
[2021-07-04T16:29:24.338-0800] GC(3) Pause Remark
[2021-07-04T16:29:24.342-0800] GC(3) Cleaned string and symbol table, strings: 8408 processed, 36 removed, symbols: 69015 processed, 98 removed
[2021-07-04T16:29:24.342-0800] GC(3) Pause Remark 6M->6M(512M) 3.685ms
[2021-07-04T16:29:24.342-0800] GC(3) User=0.01s Sys=0.00s Real=0.01s
[2021-07-04T16:29:24.342-0800] GC(3) Concurrent Create Live Data
[2021-07-04T16:29:24.343-0800] GC(3) Concurrent Create Live Data 1.738ms
[2021-07-04T16:29:24.344-0800] GC(3) Pause Cleanup
[2021-07-04T16:29:24.344-0800] GC(3) Pause Cleanup 7M->7M(512M) 0.286ms
[2021-07-04T16:29:24.344-0800] GC(3) User=0.00s Sys=0.00s Real=0.00s
[2021-07-04T16:29:24.344-0800] GC(3) Concurrent Cleanup for Next Mark
[2021-07-04T16:29:24.350-0800] GC(3) Concurrent Cleanup for Next Mark 5.638ms
[2021-07-04T16:29:24.350-0800] GC(3) Concurrent Cycle 23.734ms
[2021-07-04T16:29:25.160-0800] GC(4) Pause Young (G1 Evacuation Pause)
[2021-07-04T16:29:25.160-0800] GC(4) Using 4 workers of 4 for evacuation
[2021-07-04T16:29:25.177-0800] GC(4)   Pre Evacuate Collection Set: 0.0ms
[2021-07-04T16:29:25.177-0800] GC(4)   Evacuate Collection Set: 8.2ms
[2021-07-04T16:29:25.177-0800] GC(4)   Post Evacuate Collection Set: 9.1ms
[2021-07-04T16:29:25.177-0800] GC(4)   Other: 0.2ms
[2021-07-04T16:29:25.177-0800] GC(4) Eden regions: 59->0(299)
[2021-07-04T16:29:25.177-0800] GC(4) Survivor regions: 4->8(8)
[2021-07-04T16:29:25.177-0800] GC(4) Old regions: 3->3
[2021-07-04T16:29:25.177-0800] GC(4) Humongous regions: 0->0
[2021-07-04T16:29:25.177-0800] GC(4) Metaspace: 25405K->25405K(1073152K)
[2021-07-04T16:29:25.177-0800] GC(4) Pause Young (G1 Evacuation Pause) 65M->10M(512M) 17.519ms
[2021-07-04T16:29:25.177-0800] GC(4) User=0.04s Sys=0.00s Real=0.01s
[2021-07-04T16:29:26.347-0800] GC(5) Pause Initial Mark (Metadata GC Threshold)
[2021-07-04T16:29:26.347-0800] GC(5) Using 4 workers of 4 for evacuation
[2021-07-04T16:29:26.367-0800] GC(5)   Pre Evacuate Collection Set: 0.0ms
[2021-07-04T16:29:26.367-0800] GC(5)   Evacuate Collection Set: 13.1ms
[2021-07-04T16:29:26.367-0800] GC(5)   Post Evacuate Collection Set: 6.2ms
[2021-07-04T16:29:26.367-0800] GC(5)   Other: 0.1ms
[2021-07-04T16:29:26.367-0800] GC(5) Eden regions: 74->0(296)
[2021-07-04T16:29:26.367-0800] GC(5) Survivor regions: 8->11(39)
[2021-07-04T16:29:26.367-0800] GC(5) Old regions: 3->3
[2021-07-04T16:29:26.367-0800] GC(5) Humongous regions: 0->0
[2021-07-04T16:29:26.367-0800] GC(5) Metaspace: 33433K->33433K(1081344K)
[2021-07-04T16:29:26.367-0800] GC(5) Pause Initial Mark (Metadata GC Threshold) 84M->13M(512M) 19.609ms
[2021-07-04T16:29:26.367-0800] GC(5) User=0.05s Sys=0.00s Real=0.02s
[2021-07-04T16:29:26.367-0800] GC(6) Concurrent Cycle
[2021-07-04T16:29:26.367-0800] GC(6) Concurrent Clear Claimed Marks
[2021-07-04T16:29:26.367-0800] GC(6) Concurrent Clear Claimed Marks 0.092ms
[2021-07-04T16:29:26.367-0800] GC(6) Concurrent Scan Root Regions
[2021-07-04T16:29:26.380-0800] GC(6) Concurrent Scan Root Regions 12.955ms
[2021-07-04T16:29:26.380-0800] GC(6) Concurrent Mark (3.748s)
[2021-07-04T16:29:26.380-0800] GC(6) Concurrent Mark From Roots
[2021-07-04T16:29:26.380-0800] GC(6) Using 1 workers of 1 for marking
[2021-07-04T16:29:26.387-0800] GC(6) Concurrent Mark From Roots 6.445ms
[2021-07-04T16:29:26.387-0800] GC(6) Concurrent Mark (3.748s, 3.754s) 6.501ms
[2021-07-04T16:29:26.387-0800] GC(6) Pause Remark
[2021-07-04T16:29:26.392-0800] GC(6) Cleaned string and symbol table, strings: 17391 processed, 0 removed, symbols: 107547 processed, 476 removed
[2021-07-04T16:29:26.392-0800] GC(6) Pause Remark 14M->14M(512M) 5.520ms
[2021-07-04T16:29:26.392-0800] GC(6) User=0.02s Sys=0.00s Real=0.01s
[2021-07-04T16:29:26.392-0800] GC(6) Concurrent Create Live Data
[2021-07-04T16:29:26.394-0800] GC(6) Concurrent Create Live Data 1.476ms
[2021-07-04T16:29:26.395-0800] GC(6) Pause Cleanup
[2021-07-04T16:29:26.395-0800] GC(6) Pause Cleanup 14M->14M(512M) 0.378ms
[2021-07-04T16:29:26.395-0800] GC(6) User=0.00s Sys=0.00s Real=0.00s
[2021-07-04T16:29:26.395-0800] GC(6) Concurrent Cleanup for Next Mark
[2021-07-04T16:29:26.400-0800] GC(6) Concurrent Cleanup for Next Mark 4.982ms
[2021-07-04T16:29:26.400-0800] GC(6) Concurrent Cycle 33.210ms
[2021-07-04T17:16:08.319-0800] Heap
[2021-07-04T17:16:08.319-0800]  garbage-first heap   total 524288K, used 108187K [0x00000007a0000000, 0x00000007a0101000, 0x00000007c0000000)
[2021-07-04T17:16:08.319-0800]   region size 1024K, 104 young (106496K), 11 survivors (11264K)
[2021-07-04T17:16:08.319-0800]  Metaspace       used 37884K, capacity 40676K, committed 40832K, reserved 1085440K
[2021-07-04T17:16:08.319-0800]   class space    used 4451K, capacity 4935K, committed 4992K, reserved 1048576K
